I'm sorry, but errors were detected in your script. Please correct the
errors listed below, and try again.


File "game/script.rpy", line 23: invalid syntax
    if (name == "Bolb le blob")

Ren'Py Version: Ren'Py 8.1.3.23091805
Sun Jan 28 10:32:28 2024
